 1 __init__
83 v2_on_any
 4 v2_playbook_on_handler_task_start
 2 v2_playbook_on_include
 3 v2_playbook_on_notify
 1 v2_playbook_on_play_start
 1 v2_playbook_on_start
 1 v2_playbook_on_stats
17 v2_playbook_on_task_start
 1 v2_playbook_on_vars_prompt
 1 v2_runner_item_on_failed
 2 v2_runner_item_on_ok
 1 v2_runner_item_on_skipped
 1 v2_runner_on_async_failed
 1 v2_runner_on_async_ok
 2 v2_runner_on_async_poll
 5 v2_runner_on_failed
15 v2_runner_on_ok
 1 v2_runner_on_skipped
21 v2_runner_on_start
 1 v2_runner_on_unreachable
 2 v2_runner_retry
